
> mossy-desktop@5.4.27 build
> npm run validate-version && npm run build:vite && npm run build:electron


> mossy-desktop@5.4.27 validate-version
> node scripts/validate-version.mjs

[36m
≡ƒöì Validating Version Consistency
[0m
[36mΓòÉΓòÉΓòÉΓòÉΓòÉΓòÉΓòÉΓòÉΓòÉΓòÉΓòÉΓòÉΓòÉΓòÉΓòÉΓòÉΓòÉΓòÉΓòÉΓòÉΓòÉΓòÉΓòÉΓòÉΓòÉΓòÉΓòÉΓòÉΓòÉΓòÉΓòÉΓòÉΓòÉΓòÉΓòÉΓòÉΓòÉΓòÉΓòÉΓòÉΓòÉΓòÉΓòÉΓòÉΓòÉΓòÉΓòÉΓòÉΓòÉΓòÉΓòÉΓòÉΓòÉΓòÉΓòÉΓòÉΓòÉΓòÉΓòÉΓòÉ[0m
[1m
≡ƒôª Package Version: 5.4.27[0m
[1m≡ƒô¥ Package Name: mossy-desktop[0m
[1m≡ƒôä Description: Mossy v5.4.26 - Professional Fallout 4 modding assistant with AI, full OG/NG/AE/...[0m
[0m[0m
[36m1∩╕ÅΓâú  Checking package.json version format...[0m
[32m   Γ£à Version format is valid[0m
[36m
2∩╕ÅΓâú  Checking package.json description...[0m
[33m   ΓÜá∩╕Å  Description should include version 5.4.27[0m
[36m
3∩╕ÅΓâú  Checking README.md...[0m
[33m   ΓÜá∩╕Å  README should mention version 5.4.27[0m
[36m
4∩╕ÅΓâú  Checking electron-builder configuration...[0m
[32m   Γ£à Electron-builder config found[0m
[32m   Γ£à Product name: Mossy[0m
[36m
5∩╕ÅΓâú  Checking auto-updater configuration...[0m
[32m   Γ£à Publish configuration found[0m
[36m   Provider: github[0m
[36m
ΓòÉΓòÉΓòÉΓòÉΓòÉΓòÉΓòÉΓòÉΓòÉΓòÉΓòÉΓòÉΓòÉΓòÉΓòÉΓòÉΓòÉΓòÉΓòÉΓòÉΓòÉΓòÉΓòÉΓòÉΓòÉΓòÉΓòÉΓòÉΓòÉΓòÉΓòÉΓòÉΓòÉΓòÉΓòÉΓòÉΓòÉΓòÉΓòÉΓòÉΓòÉΓòÉΓòÉΓòÉΓòÉΓòÉΓòÉΓòÉΓòÉΓòÉΓòÉΓòÉΓòÉΓòÉΓòÉΓòÉΓòÉΓòÉΓòÉΓòÉ[0m
[1m
≡ƒôè Validation Summary:
[0m
[33mΓÜá∩╕Å  VALIDATION PASSED WITH WARNINGS[0m
[33m
Found 2 warning(s):[0m
[33m   1. Description doesn't include version 5.4.27[0m
[33m   2. README doesn't mention version 5.4.27[0m
[33m
These warnings can be ignored, but consider addressing them.[0m
[32mBuild can proceed.[0m
[36m
ΓòÉΓòÉΓòÉΓòÉΓòÉΓòÉΓòÉΓòÉΓòÉΓòÉΓòÉΓòÉΓòÉΓòÉΓòÉΓòÉΓòÉΓòÉΓòÉΓòÉΓòÉΓòÉΓòÉΓòÉΓòÉΓòÉΓòÉΓòÉΓòÉΓòÉΓòÉΓòÉΓòÉΓòÉΓòÉΓòÉΓòÉΓòÉΓòÉΓòÉΓòÉΓòÉΓòÉΓòÉΓòÉΓòÉΓòÉΓòÉΓòÉΓòÉΓòÉΓòÉΓòÉΓòÉΓòÉΓòÉΓòÉΓòÉΓòÉΓòÉ
[0m

> mossy-desktop@5.4.27 prebuild:vite
> node scripts/fetch-community-knowledge.mjs && node scripts/copy-knowledge.mjs

[fetch-community-knowledge] Community repo not found ΓÇö skipping.
[copy-knowledge] Copied 56 tutorial images to D:\Projects\desktop-tutorial\desktop-tutorial\public\visual-guide-images
[copy-knowledge] Copied 321 markdown files to D:\Projects\desktop-tutorial\desktop-tutorial\public\knowledge

> mossy-desktop@5.4.27 build:vite
> vite build

[36mvite v7.3.1 [32mbuilding client environment for production...[36m[39m
transforming...
[plugin vite:resolve] Module "fs" has been externalized for browser compatibility, imported by "D:/Projects/desktop-tutorial/desktop-tutorial/src/mining/ini-parameter-mining-engine.ts". See https://vite.dev/guide/troubleshooting.html#module-externalized-for-browser-compatibility for more details.
src/mining/ini-parameter-mining-engine.ts (146:33): "promises" is not exported by "__vite-browser-external", imported by "src/mining/ini-parameter-mining-engine.ts".
[32mΓ£ô[39m 2746 modules transformed.
rendering chunks...
computing gzip size...
[2m../../dist/[22m[32mindex.html                                  [39m[1m[2m    1.31 kB[22m[1m[22m[2m Γöé gzip:   0.64 kB[22m
[2m../../dist/[22m[32massets/image-processor.worker-avLiOtd_.js   [39m[1m[2m    2.41 kB[22m[1m[22m
[2m../../dist/[22m[32massets/asset-analyzer.worker-w4u7jpDK.js    [39m[1m[2m   12.78 kB[22m[1m[22m
[2m../../dist/[22m[32massets/mossy-avatar-B7SOhmwR.svg            [39m[1m[2m1,498.49 kB[22m[1m[22m[2m Γöé gzip: 404.82 kB[22m
[2m../../dist/[22m[35massets/ChatInterface-DPHjV54f.css           [39m[1m[2m    3.72 kB[22m[1m[22m[2m Γöé gzip:   1.14 kB[22m
[2m../../dist/[22m[35massets/SimSettlementsGuide-DGb5T3aH.css     [39m[1m[2m    5.01 kB[22m[1m[22m[2m Γöé gzip:   1.36 kB[22m
[2m../../dist/[22m[35massets/PluginManager-Cz6ve9iT.css           [39m[1m[2m   10.76 kB[22m[1m[22m[2m Γöé gzip:   2.52 kB[22m
[2m../../dist/[22m[35massets/AIAssistant-DkYLRLuq.css             [39m[1m[2m   11.88 kB[22m[1m[22m[2m Γöé gzip:   2.82 kB[22m
[2m../../dist/[22m[35massets/index-Bk9Bte5q.css                   [39m[1m[2m   63.47 kB[22m[1m[22m[2m Γöé gzip:  12.16 kB[22m
[2m../../dist/[22m[36massets/useHorizontalScroll-DXpVMSb2.js      [39m[1m[2m    0.42 kB[22m[1m[22m[2m Γöé gzip:   0.31 kB[22m
[2m../../dist/[22m[36massets/useWheelScrollProxy-BVef6YWR.js      [39m[1m[2m    1.29 kB[22m[1m[22m[2m Γöé gzip:   0.56 kB[22m
[2m../../dist/[22m[36massets/NotificationTest-DRE2EVMb.js         [39m[1m[2m    1.99 kB[22m[1m[22m[2m Γöé gzip:   0.77 kB[22m
[2m../../dist/[22m[36massets/VoiceCommands-Cd91EFqx.js            [39m[1m[2m    2.22 kB[22m[1m[22m[2m Γöé gzip:   0.89 kB[22m
[2m../../dist/[22m[36massets/ExternalToolNotice-Llaqlnyk.js       [39m[1m[2m    2.57 kB[22m[1m[22m[2m Γöé gzip:   1.17 kB[22m
[2m../../dist/[22m[36massets/ProjectSelector-C9jCMowL.js          [39m[1m[2m    2.70 kB[22m[1m[22m[2m Γöé gzip:   1.03 kB[22m
[2m../../dist/[22m[36massets/FormIdRemapper-BfeVOk97.js           [39m[1m[2m    2.70 kB[22m[1m[22m[2m Γöé gzip:   1.03 kB[22m
[2m../../dist/[22m[36massets/ModComparisonTool-CYvUSvgW.js        [39m[1m[2m    3.05 kB[22m[1m[22m[2m Γöé gzip:   1.16 kB[22m
[2m../../dist/[22m[36massets/ModConflictVisualizer-e-so84Mf.js    [39m[1m[2m    3.23 kB[22m[1m[22m[2m Γöé gzip:   1.26 kB[22m
[2m../../dist/[22m[36massets/ToolsInstallVerifyPanel-CoARi11e.js  [39m[1m[2m    3.62 kB[22m[1m[22m[2m Γöé gzip:   1.19 kB[22m
[2m../../dist/[22m[36massets/FirstSuccessWizard-CMQEAIkz.js       [39m[1m[2m    3.90 kB[22m[1m[22m[2m Γöé gzip:   1.15 kB[22m
[2m../../dist/[22m[36massets/ProjectWizard-Dr5t7T4f.js            [39m[1m[2m    5.25 kB[22m[1m[22m[2m Γöé gzip:   1.88 kB[22m
[2m../../dist/[22m[36massets/TheNexus--DoiKIHU.js                 [39m[1m[2m    6.60 kB[22m[1m[22m[2m Γöé gzip:   2.66 kB[22m
[2m../../dist/[22m[36massets/RoadmapPanel-Ccs9bgsV.js             [39m[1m[2m    6.91 kB[22m[1m[22m[2m Γöé gzip:   2.30 kB[22m
[2m../../dist/[22m[36massets/AIModAssistant-DenCRT9c.js           [39m[1m[2m    7.30 kB[22m[1m[22m[2m Γöé gzip:   2.56 kB[22m
[2m../../dist/[22m[36massets/CosmosWorkflow-xjnzf9FY.js           [39m[1m[2m    7.70 kB[22m[1m[22m[2m Γöé gzip:   2.56 kB[22m
[2m../../dist/[22m[36massets/AutomationManager-COhlQ0fe.js        [39m[1m[2m    7.77 kB[22m[1m[22m[2m Γöé gzip:   2.24 kB[22m
[2m../../dist/[22m[36massets/DonationSupport-BZLHagJF.js          [39m[1m[2m    8.11 kB[22m[1m[22m[2m Γöé gzip:   2.00 kB[22m
[2m../../dist/[22m[36massets/SecurityValidator-B7DEwrFa.js        [39m[1m[2m    8.56 kB[22m[1m[22m[2m Γöé gzip:   2.59 kB[22m
[2m../../dist/[22m[36massets/LearningHub-o446j_RA.js              [39m[1m[2m    9.21 kB[22m[1m[22m[2m Γöé gzip:   2.82 kB[22m
[2m../../dist/[22m[36massets/ProjectTemplates-oIoyq1_I.js         [39m[1m[2m    9.53 kB[22m[1m[22m[2m Γöé gzip:   2.81 kB[22m
[2m../../dist/[22m[36massets/xedit-qwnsTITR.js                    [39m[1m[2m    9.81 kB[22m[1m[22m[2m Γöé gzip:   2.66 kB[22m
[2m../../dist/[22m[36massets/AssetDeduplicator-CO-BWfJ5.js        [39m[1m[2m   10.80 kB[22m[1m[22m[2m Γöé gzip:   3.58 kB[22m
[2m../../dist/[22m[36massets/Workshop-CptD45H0.js                 [39m[1m[2m   10.92 kB[22m[1m[22m[2m Γöé gzip:   3.41 kB[22m
[2m../../dist/[22m[36massets/MiningPanel-BeEvc3KT.js              [39m[1m[2m   11.32 kB[22m[1m[22m[2m Γöé gzip:   2.76 kB[22m
[2m../../dist/[22m[36massets/CKExtension-CJ6hxMQe.js              [39m[1m[2m   11.71 kB[22m[1m[22m[2m Γöé gzip:   3.22 kB[22m
[2m../../dist/[22m[36massets/ModBrowser-BLr0OAmk.js               [39m[1m[2m   12.19 kB[22m[1m[22m[2m Γöé gzip:   3.56 kB[22m
[2m../../dist/[22m[36massets/ComfyUIExtension-CXhb-5uZ.js         [39m[1m[2m   12.96 kB[22m[1m[22m[2m Γöé gzip:   3.93 kB[22m
[2m../../dist/[22m[36massets/MO2Extension-C4Vdd2gy.js             [39m[1m[2m   13.24 kB[22m[1m[22m[2m Γöé gzip:   3.87 kB[22m
[2m../../dist/[22m[36massets/WorkflowRecorder-Dx0RUrZc.js         [39m[1m[2m   13.27 kB[22m[1m[22m[2m Γöé gzip:   3.94 kB[22m
[2m../../dist/[22m[36massets/TheBlueprint-CEAofwnx.js             [39m[1m[2m   13.55 kB[22m[1m[22m[2m Γöé gzip:   3.92 kB[22m
[2m../../dist/[22m[36massets/AIAssistant-BUUseGyX.js              [39m[1m[2m   13.66 kB[22m[1m[22m[2m Γöé gzip:   4.49 kB[22m
[2m../../dist/[22m[36massets/IniConfigManager-DAlsu0jL.js         [39m[1m[2m   13.71 kB[22m[1m[22m[2m Γöé gzip:   3.98 kB[22m
[2m../../dist/[22m[36massets/UpscaylExtension-BAcekc_Y.js         [39m[1m[2m   13.71 kB[22m[1m[22m[2m Γöé gzip:   3.75 kB[22m
[2m../../dist/[22m[36massets/MiningHub-T6LSd251.js                [39m[1m[2m   13.74 kB[22m[1m[22m[2m Γöé gzip:   3.16 kB[22m
[2m../../dist/[22m[36massets/XEditTools-Beze9OuZ.js               [39m[1m[2m   15.23 kB[22m[1m[22m[2m Γöé gzip:   4.32 kB[22m
[2m../../dist/[22m[36massets/BA2Manager-C6qYia0s.js               [39m[1m[2m   15.60 kB[22m[1m[22m[2m Γöé gzip:   4.10 kB[22m
[2m../../dist/[22m[36massets/Holodeck-CEWryjkJ.js                 [39m[1m[2m   17.16 kB[22m[1m[22m[2m Γöé gzip:   5.70 kB[22m
[2m../../dist/[22m[36massets/PluginManager-C2upePC4.js            [39m[1m[2m   17.67 kB[22m[1m[22m[2m Γöé gzip:   4.73 kB[22m
[2m../../dist/[22m[36massets/WorkflowOrchestrator-Cvnv6SFE.js     [39m[1m[2m   19.73 kB[22m[1m[22m[2m Γöé gzip:   5.53 kB[22m
[2m../../dist/[22m[36massets/ImageSuite-BWik-As6.js               [39m[1m[2m   19.85 kB[22m[1m[22m[2m Γöé gzip:   5.08 kB[22m
[2m../../dist/[22m[36massets/CloudSync-ClN_W8DU.js                [39m[1m[2m   21.87 kB[22m[1m[22m[2m Γöé gzip:   4.98 kB[22m
[2m../../dist/[22m[36massets/TextureGenerator-jwHuZ4YG.js         [39m[1m[2m   21.98 kB[22m[1m[22m[2m Γöé gzip:   4.41 kB[22m
[2m../../dist/[22m[36massets/WorkflowRunner-WORdA5-V.js           [39m[1m[2m   22.22 kB[22m[1m[22m[2m Γöé gzip:   5.50 kB[22m
[2m../../dist/[22m[36massets/DDSConverter-D-GzTjcQ.js             [39m[1m[2m   26.39 kB[22m[1m[22m[2m Γöé gzip:   5.18 kB[22m
[2m../../dist/[22m[36massets/DevtoolsHub-zUypAnmH.js              [39m[1m[2m   26.90 kB[22m[1m[22m[2m Γöé gzip:   7.51 kB[22m
[2m../../dist/[22m[36massets/GameLogMonitor-U3a-jm10.js           [39m[1m[2m   29.96 kB[22m[1m[22m[2m Γöé gzip:   8.72 kB[22m
[2m../../dist/[22m[36massets/PrecombineGenerator-cAQeBShF.js      [39m[1m[2m   31.88 kB[22m[1m[22m[2m Γöé gzip:   6.92 kB[22m
[2m../../dist/[22m[36massets/PackagingHub-IOd_ub5J.js             [39m[1m[2m   35.03 kB[22m[1m[22m[2m Γöé gzip:  10.01 kB[22m
[2m../../dist/[22m[36massets/TheVault-BygRBQUi.js                 [39m[1m[2m   36.17 kB[22m[1m[22m[2m Γöé gzip:   9.30 kB[22m
[2m../../dist/[22m[36massets/BodyslideGuide-BlCcj5St.js           [39m[1m[2m   45.20 kB[22m[1m[22m[2m Γöé gzip:   8.53 kB[22m
[2m../../dist/[22m[36massets/LoadOrderHub-B690kdz1.js             [39m[1m[2m   45.99 kB[22m[1m[22m[2m Γöé gzip:  10.21 kB[22m
[2m../../dist/[22m[36massets/MossyMemoryVault-CojyF-Qe.js         [39m[1m[2m   47.17 kB[22m[1m[22m[2m Γöé gzip:  12.01 kB[22m
[2m../../dist/[22m[36massets/ProjectHub-CPuOzDXa.js               [39m[1m[2m   48.76 kB[22m[1m[22m[2m Γöé gzip:  10.60 kB[22m
[2m../../dist/[22m[36massets/TheScribeEnhanced-Dcwm5NBl.js        [39m[1m[2m   48.77 kB[22m[1m[22m[2m Γöé gzip:  12.20 kB[22m
[2m../../dist/[22m[36massets/CKCrashPreventionMining-Ckzfv3ve.js  [39m[1m[2m   49.70 kB[22m[1m[22m[2m Γöé gzip:  12.64 kB[22m
[2m../../dist/[22m[36massets/icons-BZ7QFn10.js                    [39m[1m[2m   49.90 kB[22m[1m[22m[2m Γöé gzip:  16.01 kB[22m
[2m../../dist/[22m[36massets/PaperScriptGuide-BphX0_JD.js         [39m[1m[2m   50.72 kB[22m[1m[22m[2m Γöé gzip:   9.62 kB[22m
[2m../../dist/[22m[36massets/VoiceChat-B55lRwUW.js                [39m[1m[2m   50.96 kB[22m[1m[22m[2m Γöé gzip:  14.44 kB[22m
[2m../../dist/[22m[36massets/WizardsHub-Cvdl_x_9.js               [39m[1m[2m   53.59 kB[22m[1m[22m[2m Γöé gzip:  14.26 kB[22m
[2m../../dist/[22m[36massets/ChatInterface-C1QGg4Xp.js            [39m[1m[2m   78.73 kB[22m[1m[22m[2m Γöé gzip:  24.73 kB[22m
[2m../../dist/[22m[36massets/DesktopBridge-BHfWNn5y.js            [39m[1m[2m  100.20 kB[22m[1m[22m[2m Γöé gzip:  22.14 kB[22m
[2m../../dist/[22m[36massets/renderer-helpers-Cc1s8a9d.js         [39m[1m[2m  108.61 kB[22m[1m[22m[2m Γöé gzip:  34.33 kB[22m
[2m../../dist/[22m[36massets/QuestModAuthoringGuide-C8X2O_ej.js   [39m[1m[2m  119.58 kB[22m[1m[22m[2m Γöé gzip:  27.64 kB[22m
[2m../../dist/[22m[36massets/SimSettlementsGuide-o29m4SS_.js      [39m[1m[2m  125.60 kB[22m[1m[22m[2m Γöé gzip:  24.77 kB[22m
[2m../../dist/[22m[36massets/AdvancedAnalysisPanel-YAdn9cH4.js    [39m[1m[2m  135.42 kB[22m[1m[22m[2m Γöé gzip:  35.02 kB[22m
[2m../../dist/[22m[36massets/SettingsHub-D64-BwQf.js              [39m[1m[2m  135.62 kB[22m[1m[22m[2m Γöé gzip:  26.25 kB[22m
[2m../../dist/[22m[36massets/BlenderAnimationGuide-KghKjMkT.js    [39m[1m[2m  162.43 kB[22m[1m[22m[2m Γöé gzip:  39.16 kB[22m
[2m../../dist/[22m[36massets/react-vendor-DLdnZNn4.js             [39m[1m[2m  424.79 kB[22m[1m[22m[2m Γöé gzip: 133.88 kB[22m
[2m../../dist/[22m[36massets/DiagnosticsHub-CscGyRv_.js           [39m[1m[2m  435.40 kB[22m[1m[22m[2m Γöé gzip: 120.21 kB[22m
[2m../../dist/[22m[36massets/index-f4tGKQ_x.js                    [39m[1m[33m  890.72 kB[39m[22m[2m Γöé gzip: 284.12 kB[22m

(!) Some chunks are larger than 700 kB after minification. Consider:
- Using dynamic import() to code-split the application
- Use build.rollupOptions.output.manualChunks to improve chunking: https://rollupjs.org/configuration-options/#output-manualchunks
- Adjust chunk size limit for this warning via build.chunkSizeWarningLimit.
[32mΓ£ô built in 11.39s[39m

> mossy-desktop@5.4.27 build:electron
> tsc -p tsconfig.electron.json

